[web.archive.org/web/20251012052828if_/https_/nrec.ac.in/index.html]
[web-static.archive.org/_static/js/bundle-playbackffba.js]
[web-static.archive.org/_static/js/wombat66b8.js]
[web-static.archive.org/_static/js/ruffle/ruffle.js]
[web-static.archive.org/_static/css/banner-styles074f.css]
[backblue.gif]
[fade.gif]
[index.html]
[web-static.archive.org/_static/css/iconochive29a7.css]
[web.archive.org/web/20240809001349im_/https_/nrec.ac.in/images/favicon.png]
[web.archive.org/web/20240809095142cs_/https_/nrec.ac.in/css/bootstrap.min.css]
[web.archive.org/web/20240809005254cs_/https_/nrec.ac.in/css/animate.css]
[web.archive.org/web/20240809083954cs_/https_/www.nrec.ac.in/css/font-awesome.css]
[web.archive.org/web/20240809055014cs_/https_/nrec.ac.in/css/themify-icons.css]
[web.archive.org/web/20250915230616cs_/http_/nrec.ac.in/css/flaticon.css]
[web.archive.org/web/20240809000807cs_/https_/nrec.ac.in/css/slick.css]
[web.archive.org/web/20240809042214cs_/https_/nrec.ac.in/revolution/css/rs6.css]
[web.archive.org/web/20240810002204cs_/https_/nrec.ac.in/css/prettyPhoto.css]
[web.archive.org/web/20240809004744cs_/https_/nrec.ac.in/css/shortcodes.css]
[web.archive.org/web/20240809014145cs_/https_/nrec.ac.in/css/main.css]
[web.archive.org/web/20240809023339cs_/https_/nrec.ac.in/css/megamenu.css]
[web.archive.org/web/20240809021429cs_/https_/nrec.ac.in/css/responsive.css]
[web.archive.org/web/20240809022836im_/https_/nrec.ac.in/images/logo-img.png]
[web.archive.org/web/20251012052828if_/https_/nrec.ac.in/syllabus.php]
[web.archive.org/web/20251012052828if_/https_/nrec.ac.in/academic-calendar.php]
[web.archive.org/web/20251012052828if_/https_/nrec.ac.in/members.php]
[web.archive.org/web/20251012052828if_/https_/nrec.ac.in/aqar.php]
[web.archive.org/web/20251012052828if_/https_/nrec.ac.in/action-taken-reports.php]
[web.archive.org/web/20251012052828if_/https_/nrec.ac.in/feedback.php]
[web.archive.org/web/20250928133153im_/https_/nrec.ac.in/1669975512slider-mainbg-003.jpg]
[web.archive.org/web/20250928131817im_/https_/nrec.ac.in/1669972541slider-mainbg-004.jpg]
[web.archive.org/web/20251012052828if_/https_/nrec.ac.in/console/image/1681720089IMG-20230417-WA0000.jpg]
[web.archive.org/web/20240809022236im_/https_/nrec.ac.in/console/image/1671872252WhatsApp Image 2022-12-17 at 5.49.06 PM.jpg]
[web.archive.org/web/20240809022236if_/https_/nrec.ac.in/console/image/1671872252WhatsApp Image 2022-12-17 at 5.49.06 PM.jpg]
[web.archive.org/web/20240809003005im_/https_/nrec.ac.in/console/image/1671872140WhatsApp Image 2022-12-17 at 5.49.17 PM.jpg]
[web.archive.org/web/20240809003005if_/https_/nrec.ac.in/console/image/1671872140WhatsApp Image 2022-12-17 at 5.49.17 PM.jpg]
[web.archive.org/web/20240809225917im_/https_/www.nrec.ac.in/console/image/1671872113WhatsApp Image 2022-12-17 at 5.49.06 PM.jpg]
[web.archive.org/web/20240809225917if_/https_/www.nrec.ac.in/console/image/1671872113WhatsApp Image 2022-12-17 at 5.49.06 PM.jpg]
[web.archive.org/web/20240809002457im_/https_/nrec.ac.in/console/image/1671872069WhatsApp Image 2022-12-17 at 5.49.18 PM.jpg]
[web.archive.org/web/20240809002457if_/https_/nrec.ac.in/console/image/1671872069WhatsApp Image 2022-12-17 at 5.49.18 PM.jpg]
[web.archive.org/web/20240809003026im_/https_/nrec.ac.in/console/image/1670044575DSC_0642.jpg]
[web.archive.org/web/20240809003026if_/https_/nrec.ac.in/console/image/1670044575DSC_0642.jpg]
[web.archive.org/web/20240809023904im_/https_/www.nrec.ac.in/console/image/1670044550DSC_0616.jpg]
[web.archive.org/web/20240809023904if_/https_/www.nrec.ac.in/console/image/1670044550DSC_0616.jpg]
[web.archive.org/web/20240809034146im_/https_/nrec.ac.in/console/image/1670044518DSC_0590.jpg]
[web.archive.org/web/20240809034146if_/https_/nrec.ac.in/console/image/1670044518DSC_0590.jpg]
[web.archive.org/web/20240809012219im_/https_/nrec.ac.in/console/image/1670044487DSC_0564.jpg]
[web.archive.org/web/20240809012219if_/https_/nrec.ac.in/console/image/1670044487DSC_0564.jpg]
[web.archive.org/web/20240809004808im_/https_/nrec.ac.in/console/image/1670044469DSC_0563.jpg]
[web.archive.org/web/20240809004808if_/https_/nrec.ac.in/console/image/1670044469DSC_0563.jpg]
[web.archive.org/web/20240809185834im_/https_/nrec.ac.in/console/image/16700444334. (11).jpg]
[web.archive.org/web/20240809185834if_/https_/nrec.ac.in/console/image/16700444334. (11).jpg]
[web.archive.org/web/20240809033539im_/https_/www.nrec.ac.in/console/image/16700443593. (14).jpg]
[web.archive.org/web/20240809033539if_/https_/www.nrec.ac.in/console/image/16700443593. (14).jpg]
[web.archive.org/web/20240809115327im_/https_/nrec.ac.in/console/image/16700443373. (11).jpg]
[web.archive.org/web/20240809115327if_/https_/nrec.ac.in/console/image/16700443373. (11).jpg]
[web.archive.org/web/20240809090754im_/https_/nrec.ac.in/console/image/16700443091. (12).jpg]
[web.archive.org/web/20240809090754if_/https_/nrec.ac.in/console/image/16700443091. (12).jpg]
[web.archive.org/web/20240809050045im_/https_/nrec.ac.in/console/image/16700442761. (8).jpg]
[web.archive.org/web/20240809050045if_/https_/nrec.ac.in/console/image/16700442761. (8).jpg]
[web.archive.org/web/20240809003951im_/https_/nrec.ac.in/console/image/16700442351. (6).jpg]
[web.archive.org/web/20240809003951if_/https_/nrec.ac.in/console/image/16700442351. (6).jpg]
[web.archive.org/web/20240809020048im_/https_/nrec.ac.in/console/image/166997336103.jpg]
[web.archive.org/web/20240809020048if_/https_/nrec.ac.in/console/image/166997336103.jpg]
[web.archive.org/web/20251012052828if_/https_/nrec.ac.in/courses-single.html]
[web.archive.org/web/20240809170113im_/https_/nrec.ac.in/images/footer-logo.png]
[web.archive.org/web/20251012052828if_/https_/nrec.ac.in/bachelor-in-art.php]
[web.archive.org/web/20251012052828if_/https_/nrec.ac.in/bachelor-in-commerce.php]
[web.archive.org/web/20251012052828if_/https_/nrec.ac.in/bachelor-in-education.php]
[web.archive.org/web/20251012052828if_/https_/nrec.ac.in/bachelor-in-law.php]
[web.archive.org/web/20251012052828if_/https_/nrec.ac.in/bachelor-in-science.php]
[web.archive.org/web/20251012052828if_/https_/nrec.ac.in/foundation-courses.php]
[web.archive.org/web/20240811024343js_/https_/nrec.ac.in/js/jquery.min.js]
[web.archive.org/web/20240809043430js_/https_/nrec.ac.in/js/tether.min.js]
[web.archive.org/web/20240809002345js_/https_/nrec.ac.in/js/bootstrap.min.js]
[web.archive.org/web/20240809153916js_/https_/nrec.ac.in/js/jquery.easing.js]
[web.archive.org/web/20240809153333js_/https_/nrec.ac.in/js/jquery-waypoints.js]
[web.archive.org/web/20250915225916js_/http_/nrec.ac.in/js/jquery-validate.js]
[web.archive.org/web/20240809014624js_/https_/nrec.ac.in/js/jquery.prettyPhoto.js]
[web.archive.org/web/20240809055844js_/https_/www.nrec.ac.in/js/slick.min.js]
[web.archive.org/web/20240809113611js_/https_/www.nrec.ac.in/js/numinate.min.js]
[web.archive.org/web/20240811042903js_/https_/www.nrec.ac.in/js/imagesloaded.min.js]
[web.archive.org/web/20240809115021js_/https_/www.nrec.ac.in/js/jquery-isotope.js]
[web.archive.org/web/20240809001356js_/https_/nrec.ac.in/js/lazysizes.min.js]
[web.archive.org/web/20240809062120js_/https_/nrec.ac.in/js/main.js]
[web.archive.org/web/20251012035320js_/https_/code.jquery.com/jquery-2.2.4.js]
[web.archive.org/web/20251012072230js_/https_/cdn.jsdelivr.net/npm/bootstrap@5.0.0-beta2/dist/js/bootstrap.bundle.min.js]
[web.archive.org/web/20251012054522js_/https_/cdnjs.cloudflare.com/ajax/libs/OwlCarousel2/2.3.4/owl.carousel.min.js]
[web.archive.org/web/20251012052828if_/https_/nrec.ac.in/index.html]
[web-static.archive.org/_static/css/banner-styles074f.css]
[web-static.archive.org/_static/css/iconochive29a7.css]
[web.archive.org/web/20240809095142cs_/https_/nrec.ac.in/css/bootstrap.min.css]
[web.archive.org/web/20240809005254cs_/https_/nrec.ac.in/css/animate.css]
[web.archive.org/web/20240809083954cs_/https_/www.nrec.ac.in/css/font-awesome.css]
[web.archive.org/web/20240809055014cs_/https_/nrec.ac.in/css/themify-icons.css]
[web.archive.org/web/20250915230616cs_/http_/nrec.ac.in/css/flaticon.css]
[web.archive.org/web/20240809000807cs_/https_/nrec.ac.in/css/slick.css]
[web.archive.org/web/20240809042214cs_/https_/nrec.ac.in/revolution/css/rs6.css]
[web.archive.org/web/20251012050755js_/https_/cdnjs.cloudflare.com/ajax/libs/magnific-popup.js/1.1.0/jquery.magnific-popup.min.js]
[web.archive.org/web/20240810002204im_/https_/nrec.ac.in/images/prettyPhoto/default/sprite.png]
[web.archive.org/web/20240810002204cs_/https_/nrec.ac.in/css/prettyPhoto.css]
[web.archive.org/web/20240809004744im_/https_/nrec.ac.in/images/bg-image/row-bgimage-1.jpg]
[web.archive.org/web/20240809004744im_/https_/nrec.ac.in/images/quote.png]
[web.archive.org/web/20240809004744cs_/https_/nrec.ac.in/css/shortcodes.css]
[web.archive.org/web/20240809014145cs_/https_/nrec.ac.in/css/main.css]
[web.archive.org/web/20240809023339cs_/https_/nrec.ac.in/css/megamenu.css]
[web.archive.org/web/20240809021429cs_/https_/nrec.ac.in/css/responsive.css]
[web.archive.org/web/20251012052828if_/https_/nrec.ac.in/syllabus.html]
[web.archive.org/web/20251012052828if_/https_/nrec.ac.in/academic-calendar.html]
[web.archive.org/web/20251012052828if_/https_/nrec.ac.in/members.html]
[web.archive.org/web/20251012052828if_/https_/nrec.ac.in/aqar.html]
[web.archive.org/web/20251012052828if_/https_/nrec.ac.in/action-taken-reports.html]
[web.archive.org/web/20251012052828if_/https_/nrec.ac.in/feedback.html]
[web.archive.org/web/20250928133153im_/https_/nrec.ac.in/1669975512slider-mainbg-003.html]
[web.archive.org/web/20250928131817im_/https_/nrec.ac.in/1669972541slider-mainbg-004.html]
[web.archive.org/web/20251012052828if_/https_/nrec.ac.in/console/image/1681720089IMG-20230417-WA0000.html]
[web.archive.org/web/20251012052828if_/https_/nrec.ac.in/courses-single.html]
[web.archive.org/web/20251012052828if_/https_/nrec.ac.in/bachelor-in-art.html]
[web.archive.org/web/20251012052828if_/https_/nrec.ac.in/bachelor-in-commerce.html]
[web.archive.org/web/20251012052828if_/https_/nrec.ac.in/bachelor-in-education.html]
[web.archive.org/web/20251012052828if_/https_/nrec.ac.in/bachelor-in-law.html]
[web.archive.org/web/20251012052828if_/https_/nrec.ac.in/bachelor-in-science.html]
[web.archive.org/web/20251012052828if_/https_/nrec.ac.in/foundation-courses.html]
[web.archive.org/web/20240810002204im_/https_/nrec.ac.in/images/prettyPhoto/default/sprite.html]
[web.archive.org/web/20240809004744im_/https_/nrec.ac.in/images/bg-image/row-bgimage-1.html]
[web.archive.org/web/20240809004744im_/https_/nrec.ac.in/images/quote.html]
